[0.073s] DEBUG:colcon:Command line arguments: ['/usr/bin/colcon', 'build', '--symlink-install', '--packages-select', 'turtlebot4_python_tutorials']
[0.073s] DEBUG:colcon:Parsed command line arguments: Namespace(log_base=None, log_level=None, verb_name='build', build_base='build', install_base='install', merge_install=False, symlink_install=True, test_result_base=None, continue_on_error=False, executor='parallel', parallel_workers=24, event_handlers=None, ignore_user_meta=False, metas=['./colcon.meta'], base_paths=['.'], packages_ignore=None, packages_ignore_regex=None, paths=None, packages_up_to=None, packages_up_to_regex=None, packages_above=None, packages_above_and_dependencies=None, packages_above_depth=None, packages_select_by_dep=None, packages_skip_by_dep=None, packages_skip_up_to=None, packages_select_build_failed=False, packages_skip_build_finished=False, packages_select_test_failures=False, packages_skip_test_passed=False, packages_select=['turtlebot4_python_tutorials'], packages_skip=None, packages_select_regex=None, packages_skip_regex=None, packages_start=None, packages_end=None, allow_overriding=[], cmake_args=None, cmake_target=None, cmake_target_skip_unavailable=False, cmake_clean_cache=False, cmake_clean_first=False, cmake_force_configure=False, ament_cmake_args=None, catkin_cmake_args=None, catkin_skip_building_tests=False, mixin_files=None, mixin=None, verb_parser=<colcon_mixin.mixin.mixin_argument.MixinArgumentDecorator object at 0x71bb0f041c40>, verb_extension=<colcon_core.verb.build.BuildVerb object at 0x71bb0f041940>, main=<bound method BuildVerb.main of <colcon_core.verb.build.BuildVerb object at 0x71bb0f041940>>, mixin_verb=('build',))
[0.091s] Level 1:colcon.colcon_core.package_discovery:discover_packages(colcon_meta) check parameters
[0.091s] Level 1:colcon.colcon_core.package_discovery:discover_packages(recursive) check parameters
[0.091s] Level 1:colcon.colcon_core.package_discovery:discover_packages(ignore) check parameters
[0.091s] Level 1:colcon.colcon_core.package_discovery:discover_packages(path) check parameters
[0.091s] Level 1:colcon.colcon_core.package_discovery:discover_packages(colcon_meta) discover
[0.091s] Level 1:colcon.colcon_core.package_discovery:discover_packages(recursive) discover
[0.091s] INFO:colcon.colcon_core.package_discovery:Crawling recursively for packages in '/home/cuttlebot/Desktop/turtlebot4_python_tutorials'
[0.091s] Level 1:colcon.colcon_core.package_identification:_identify(.) by extensions ['ignore', 'ignore_ament_install']
[0.091s] Level 1:colcon.colcon_core.package_identification:_identify(.) by extension 'ignore'
[0.091s] Level 1:colcon.colcon_core.package_identification:_identify(.) by extension 'ignore_ament_install'
[0.091s] Level 1:colcon.colcon_core.package_identification:_identify(.) by extensions ['colcon_pkg']
[0.091s] Level 1:colcon.colcon_core.package_identification:_identify(.) by extension 'colcon_pkg'
[0.091s] Level 1:colcon.colcon_core.package_identification:_identify(.) by extensions ['colcon_meta']
[0.091s] Level 1:colcon.colcon_core.package_identification:_identify(.) by extension 'colcon_meta'
[0.091s] Level 1:colcon.colcon_core.package_identification:_identify(.) by extensions ['ros']
[0.091s] Level 1:colcon.colcon_core.package_identification:_identify(.) by extension 'ros'
[0.104s] DEBUG:colcon.colcon_core.package_identification:Package '.' with type 'ros.ament_python' and name 'turtlebot4_python_tutorials'
[0.104s] Level 1:colcon.colcon_core.package_discovery:discover_packages(recursive) using defaults
[0.104s] Level 1:colcon.colcon_core.package_discovery:discover_packages(ignore) discover
[0.104s] Level 1:colcon.colcon_core.package_discovery:discover_packages(ignore) using defaults
[0.104s] Level 1:colcon.colcon_core.package_discovery:discover_packages(path) discover
[0.104s] Level 1:colcon.colcon_core.package_discovery:discover_packages(path) using defaults
[0.112s] Level 1:colcon.colcon_core.package_discovery:discover_packages(prefix_path) check parameters
[0.112s] Level 1:colcon.colcon_core.package_discovery:discover_packages(prefix_path) discover
[0.113s] DEBUG:colcon.colcon_installed_package_information.package_discovery:Found 1 installed packages in /home/cuttlebot/Desktop/turtlebot4_python_tutorials/install
[0.114s] DEBUG:colcon.colcon_installed_package_information.package_discovery:Found 440 installed packages in /opt/ros/jazzy
[0.114s] Level 1:colcon.colcon_core.package_discovery:discover_packages(prefix_path) using defaults
[0.136s] Level 5:colcon.colcon_core.verb:set package 'turtlebot4_python_tutorials' build argument 'cmake_args' from command line to 'None'
[0.136s] Level 5:colcon.colcon_core.verb:set package 'turtlebot4_python_tutorials' build argument 'cmake_target' from command line to 'None'
[0.136s] Level 5:colcon.colcon_core.verb:set package 'turtlebot4_python_tutorials' build argument 'cmake_target_skip_unavailable' from command line to 'False'
[0.136s] Level 5:colcon.colcon_core.verb:set package 'turtlebot4_python_tutorials' build argument 'cmake_clean_cache' from command line to 'False'
[0.136s] Level 5:colcon.colcon_core.verb:set package 'turtlebot4_python_tutorials' build argument 'cmake_clean_first' from command line to 'False'
[0.136s] Level 5:colcon.colcon_core.verb:set package 'turtlebot4_python_tutorials' build argument 'cmake_force_configure' from command line to 'False'
[0.136s] Level 5:colcon.colcon_core.verb:set package 'turtlebot4_python_tutorials' build argument 'ament_cmake_args' from command line to 'None'
[0.136s] Level 5:colcon.colcon_core.verb:set package 'turtlebot4_python_tutorials' build argument 'catkin_cmake_args' from command line to 'None'
[0.136s] Level 5:colcon.colcon_core.verb:set package 'turtlebot4_python_tutorials' build argument 'catkin_skip_building_tests' from command line to 'False'
[0.136s] DEBUG:colcon.colcon_core.verb:Building package 'turtlebot4_python_tutorials' with the following arguments: {'ament_cmake_args': None, 'build_base': '/home/cuttlebot/Desktop/turtlebot4_python_tutorials/build/turtlebot4_python_tutorials', 'catkin_cmake_args': None, 'catkin_skip_building_tests': False, 'cmake_args': None, 'cmake_clean_cache': False, 'cmake_clean_first': False, 'cmake_force_configure': False, 'cmake_target': None, 'cmake_target_skip_unavailable': False, 'install_base': '/home/cuttlebot/Desktop/turtlebot4_python_tutorials/install/turtlebot4_python_tutorials', 'merge_install': False, 'path': '/home/cuttlebot/Desktop/turtlebot4_python_tutorials', 'symlink_install': True, 'test_result_base': None}
[0.136s] INFO:colcon.colcon_core.executor:Executing jobs using 'parallel' executor
[0.136s] DEBUG:colcon.colcon_parallel_executor.executor.parallel:run_until_complete
[0.136s] INFO:colcon.colcon_ros.task.ament_python.build:Building ROS package in '/home/cuttlebot/Desktop/turtlebot4_python_tutorials' with build type 'ament_python'
[0.136s] Level 1:colcon.colcon_core.shell:create_environment_hook('turtlebot4_python_tutorials', 'ament_prefix_path')
[0.137s] INFO:colcon.colcon_core.plugin_system:Skipping extension 'colcon_core.shell.bat': Not used on non-Windows systems
[0.137s] INFO:colcon.colcon_core.shell:Creating environment hook '/home/cuttlebot/Desktop/turtlebot4_python_tutorials/install/turtlebot4_python_tutorials/share/turtlebot4_python_tutorials/hook/ament_prefix_path.ps1'
[0.138s] INFO:colcon.colcon_core.shell:Creating environment descriptor '/home/cuttlebot/Desktop/turtlebot4_python_tutorials/install/turtlebot4_python_tutorials/share/turtlebot4_python_tutorials/hook/ament_prefix_path.dsv'
[0.138s] INFO:colcon.colcon_core.shell:Creating environment hook '/home/cuttlebot/Desktop/turtlebot4_python_tutorials/install/turtlebot4_python_tutorials/share/turtlebot4_python_tutorials/hook/ament_prefix_path.sh'
[0.138s] INFO:colcon.colcon_core.shell:Skip shell extension 'powershell' for command environment: Not usable outside of PowerShell
[0.138s] DEBUG:colcon.colcon_core.shell:Skip shell extension 'dsv' for command environment
[0.241s] INFO:colcon.colcon_core.task.python.build:Building Python package in '/home/cuttlebot/Desktop/turtlebot4_python_tutorials'
[0.241s] INFO:colcon.colcon_core.shell:Skip shell extension 'powershell' for command environment: Not usable outside of PowerShell
[0.241s] DEBUG:colcon.colcon_core.shell:Skip shell extension 'dsv' for command environment
[0.510s] DEBUG:colcon.colcon_core.event_handler.log_command:Invoking command in '/home/cuttlebot/Desktop/turtlebot4_python_tutorials/build/turtlebot4_python_tutorials': DEBUGINFOD_URLS=https://debuginfod.ubuntu.com PYTHONPATH=/home/cuttlebot/Desktop/turtlebot4_python_tutorials/build/turtlebot4_python_tutorials/prefix_override:/usr/lib/python3/dist-packages/colcon_core/task/python/colcon_distutils_commands:/home/cuttlebot/Desktop/turtlebot4_python_tutorials/install/turtlebot4_python_tutorials/lib/python3.12/site-packages:${PYTHONPATH} VIRTUAL_ENV_PROMPT=(ros2_venv) /usr/bin/python3 -W ignore:setup.py install is deprecated -W ignore:easy_install command is deprecated setup.py develop --editable --build-directory /home/cuttlebot/Desktop/turtlebot4_python_tutorials/build/turtlebot4_python_tutorials/build --no-deps symlink_data
[0.794s] Level 1:colcon.colcon_core.shell:create_environment_hook('turtlebot4_python_tutorials', 'pythonpath_develop')
[0.795s] DEBUG:colcon.colcon_core.event_handler.log_command:Invoked command in '/home/cuttlebot/Desktop/turtlebot4_python_tutorials/build/turtlebot4_python_tutorials' returned '0': DEBUGINFOD_URLS=https://debuginfod.ubuntu.com PYTHONPATH=/home/cuttlebot/Desktop/turtlebot4_python_tutorials/build/turtlebot4_python_tutorials/prefix_override:/usr/lib/python3/dist-packages/colcon_core/task/python/colcon_distutils_commands:/home/cuttlebot/Desktop/turtlebot4_python_tutorials/install/turtlebot4_python_tutorials/lib/python3.12/site-packages:${PYTHONPATH} VIRTUAL_ENV_PROMPT=(ros2_venv) /usr/bin/python3 -W ignore:setup.py install is deprecated -W ignore:easy_install command is deprecated setup.py develop --editable --build-directory /home/cuttlebot/Desktop/turtlebot4_python_tutorials/build/turtlebot4_python_tutorials/build --no-deps symlink_data
[0.795s] INFO:colcon.colcon_core.shell:Creating environment hook '/home/cuttlebot/Desktop/turtlebot4_python_tutorials/build/turtlebot4_python_tutorials/share/turtlebot4_python_tutorials/hook/pythonpath_develop.ps1'
[0.795s] INFO:colcon.colcon_core.shell:Creating environment descriptor '/home/cuttlebot/Desktop/turtlebot4_python_tutorials/build/turtlebot4_python_tutorials/share/turtlebot4_python_tutorials/hook/pythonpath_develop.dsv'
[0.795s] INFO:colcon.colcon_core.shell:Creating environment hook '/home/cuttlebot/Desktop/turtlebot4_python_tutorials/build/turtlebot4_python_tutorials/share/turtlebot4_python_tutorials/hook/pythonpath_develop.sh'
[0.797s] Level 1:colcon.colcon_core.environment:checking '/home/cuttlebot/Desktop/turtlebot4_python_tutorials/install/turtlebot4_python_tutorials' for CMake module files
[0.797s] Level 1:colcon.colcon_core.environment:checking '/home/cuttlebot/Desktop/turtlebot4_python_tutorials/install/turtlebot4_python_tutorials' for CMake config files
[0.797s] Level 1:colcon.colcon_core.environment:checking '/home/cuttlebot/Desktop/turtlebot4_python_tutorials/install/turtlebot4_python_tutorials/lib'
[0.797s] Level 1:colcon.colcon_core.environment:checking '/home/cuttlebot/Desktop/turtlebot4_python_tutorials/install/turtlebot4_python_tutorials/bin'
[0.797s] Level 1:colcon.colcon_core.environment:checking '/home/cuttlebot/Desktop/turtlebot4_python_tutorials/install/turtlebot4_python_tutorials/lib/pkgconfig/turtlebot4_python_tutorials.pc'
[0.798s] Level 1:colcon.colcon_core.environment:checking '/home/cuttlebot/Desktop/turtlebot4_python_tutorials/install/turtlebot4_python_tutorials/lib/python3.12/site-packages'
[0.798s] Level 1:colcon.colcon_core.shell:create_environment_hook('turtlebot4_python_tutorials', 'pythonpath')
[0.798s] INFO:colcon.colcon_core.shell:Creating environment hook '/home/cuttlebot/Desktop/turtlebot4_python_tutorials/install/turtlebot4_python_tutorials/share/turtlebot4_python_tutorials/hook/pythonpath.ps1'
[0.798s] INFO:colcon.colcon_core.shell:Creating environment descriptor '/home/cuttlebot/Desktop/turtlebot4_python_tutorials/install/turtlebot4_python_tutorials/share/turtlebot4_python_tutorials/hook/pythonpath.dsv'
[0.798s] INFO:colcon.colcon_core.shell:Creating environment hook '/home/cuttlebot/Desktop/turtlebot4_python_tutorials/install/turtlebot4_python_tutorials/share/turtlebot4_python_tutorials/hook/pythonpath.sh'
[0.798s] Level 1:colcon.colcon_core.environment:checking '/home/cuttlebot/Desktop/turtlebot4_python_tutorials/install/turtlebot4_python_tutorials/bin'
[0.798s] Level 1:colcon.colcon_core.environment:create_environment_scripts_only(turtlebot4_python_tutorials)
[0.799s] INFO:colcon.colcon_core.shell:Creating package script '/home/cuttlebot/Desktop/turtlebot4_python_tutorials/install/turtlebot4_python_tutorials/share/turtlebot4_python_tutorials/package.ps1'
[0.799s] INFO:colcon.colcon_core.shell:Creating package descriptor '/home/cuttlebot/Desktop/turtlebot4_python_tutorials/install/turtlebot4_python_tutorials/share/turtlebot4_python_tutorials/package.dsv'
[0.799s] INFO:colcon.colcon_core.shell:Creating package script '/home/cuttlebot/Desktop/turtlebot4_python_tutorials/install/turtlebot4_python_tutorials/share/turtlebot4_python_tutorials/package.sh'
[0.800s] INFO:colcon.colcon_core.shell:Creating package script '/home/cuttlebot/Desktop/turtlebot4_python_tutorials/install/turtlebot4_python_tutorials/share/turtlebot4_python_tutorials/package.bash'
[0.800s] INFO:colcon.colcon_core.shell:Creating package script '/home/cuttlebot/Desktop/turtlebot4_python_tutorials/install/turtlebot4_python_tutorials/share/turtlebot4_python_tutorials/package.zsh'
[0.800s] Level 1:colcon.colcon_core.environment:create_file_with_runtime_dependencies(/home/cuttlebot/Desktop/turtlebot4_python_tutorials/install/turtlebot4_python_tutorials/share/colcon-core/packages/turtlebot4_python_tutorials)
[0.800s] DEBUG:colcon.colcon_parallel_executor.executor.parallel:closing loop
[0.801s] DEBUG:colcon.colcon_parallel_executor.executor.parallel:loop closed
[0.801s] DEBUG:colcon.colcon_parallel_executor.executor.parallel:run_until_complete finished with '0'
[0.801s] DEBUG:colcon.colcon_core.event_reactor:joining thread
[0.804s] INFO:colcon.colcon_core.plugin_system:Skipping extension 'colcon_notification.desktop_notification.terminal_notifier': Not used on non-Darwin systems
[0.804s] INFO:colcon.colcon_core.plugin_system:Skipping extension 'colcon_notification.desktop_notification.win32': Not used on non-Windows systems
[0.804s] INFO:colcon.colcon_notification.desktop_notification:Sending desktop notification using 'notify2'
[0.812s] DEBUG:colcon.colcon_core.event_reactor:joined thread
[0.813s] INFO:colcon.colcon_core.shell:Creating prefix script '/home/cuttlebot/Desktop/turtlebot4_python_tutorials/install/local_setup.ps1'
[0.813s] INFO:colcon.colcon_core.shell:Creating prefix util module '/home/cuttlebot/Desktop/turtlebot4_python_tutorials/install/_local_setup_util_ps1.py'
[0.814s] INFO:colcon.colcon_core.shell:Creating prefix chain script '/home/cuttlebot/Desktop/turtlebot4_python_tutorials/install/setup.ps1'
[0.814s] INFO:colcon.colcon_core.shell:Creating prefix script '/home/cuttlebot/Desktop/turtlebot4_python_tutorials/install/local_setup.sh'
[0.814s] INFO:colcon.colcon_core.shell:Creating prefix util module '/home/cuttlebot/Desktop/turtlebot4_python_tutorials/install/_local_setup_util_sh.py'
[0.815s] INFO:colcon.colcon_core.shell:Creating prefix chain script '/home/cuttlebot/Desktop/turtlebot4_python_tutorials/install/setup.sh'
[0.815s] INFO:colcon.colcon_core.shell:Creating prefix script '/home/cuttlebot/Desktop/turtlebot4_python_tutorials/install/local_setup.bash'
[0.815s] INFO:colcon.colcon_core.shell:Creating prefix chain script '/home/cuttlebot/Desktop/turtlebot4_python_tutorials/install/setup.bash'
[0.816s] INFO:colcon.colcon_core.shell:Creating prefix script '/home/cuttlebot/Desktop/turtlebot4_python_tutorials/install/local_setup.zsh'
[0.816s] INFO:colcon.colcon_core.shell:Creating prefix chain script '/home/cuttlebot/Desktop/turtlebot4_python_tutorials/install/setup.zsh'
