[0.112s] DEBUG:colcon:Command line arguments: ['/usr/bin/colcon', 'build', '--packages-select', 'turtlebot4_python_tutorials']
[0.112s] DEBUG:colcon:Parsed command line arguments: Namespace(log_base=None, log_level=None, verb_name='build', build_base='build', install_base='install', merge_install=False, symlink_install=False, test_result_base=None, continue_on_error=False, executor='parallel', parallel_workers=24, event_handlers=None, ignore_user_meta=False, metas=['./colcon.meta'], base_paths=['.'], packages_ignore=None, packages_ignore_regex=None, paths=None, packages_up_to=None, packages_up_to_regex=None, packages_above=None, packages_above_and_dependencies=None, packages_above_depth=None, packages_select_by_dep=None, packages_skip_by_dep=None, packages_skip_up_to=None, packages_select_build_failed=False, packages_skip_build_finished=False, packages_select_test_failures=False, packages_skip_test_passed=False, packages_select=['turtlebot4_python_tutorials'], packages_skip=None, packages_select_regex=None, packages_skip_regex=None, packages_start=None, packages_end=None, allow_overriding=[], cmake_args=None, cmake_target=None, cmake_target_skip_unavailable=False, cmake_clean_cache=False, cmake_clean_first=False, cmake_force_configure=False, ament_cmake_args=None, catkin_cmake_args=None, catkin_skip_building_tests=False, mixin_files=None, mixin=None, verb_parser=<colcon_mixin.mixin.mixin_argument.MixinArgumentDecorator object at 0x7fec19da5610>, verb_extension=<colcon_core.verb.build.BuildVerb object at 0x7fec19da5220>, main=<bound method BuildVerb.main of <colcon_core.verb.build.BuildVerb object at 0x7fec19da5220>>, mixin_verb=('build',))
[0.139s] Level 1:colcon.colcon_core.package_discovery:discover_packages(colcon_meta) check parameters
[0.139s] Level 1:colcon.colcon_core.package_discovery:discover_packages(recursive) check parameters
[0.139s] Level 1:colcon.colcon_core.package_discovery:discover_packages(ignore) check parameters
[0.139s] Level 1:colcon.colcon_core.package_discovery:discover_packages(path) check parameters
[0.139s] Level 1:colcon.colcon_core.package_discovery:discover_packages(colcon_meta) discover
[0.139s] Level 1:colcon.colcon_core.package_discovery:discover_packages(recursive) discover
[0.139s] INFO:colcon.colcon_core.package_discovery:Crawling recursively for packages in '/home/cuttlebot/Desktop/turtlebot4_python_tutorials'
[0.139s] Level 1:colcon.colcon_core.package_identification:_identify(.) by extensions ['ignore', 'ignore_ament_install']
[0.139s] Level 1:colcon.colcon_core.package_identification:_identify(.) by extension 'ignore'
[0.139s] Level 1:colcon.colcon_core.package_identification:_identify(.) by extension 'ignore_ament_install'
[0.139s] Level 1:colcon.colcon_core.package_identification:_identify(.) by extensions ['colcon_pkg']
[0.139s] Level 1:colcon.colcon_core.package_identification:_identify(.) by extension 'colcon_pkg'
[0.139s] Level 1:colcon.colcon_core.package_identification:_identify(.) by extensions ['colcon_meta']
[0.139s] Level 1:colcon.colcon_core.package_identification:_identify(.) by extension 'colcon_meta'
[0.139s] Level 1:colcon.colcon_core.package_identification:_identify(.) by extensions ['ros']
[0.139s] Level 1:colcon.colcon_core.package_identification:_identify(.) by extension 'ros'
[0.152s] DEBUG:colcon.colcon_core.package_identification:Package '.' with type 'ros.ament_python' and name 'turtlebot4_python_tutorials'
[0.152s] Level 1:colcon.colcon_core.package_discovery:discover_packages(recursive) using defaults
[0.152s] Level 1:colcon.colcon_core.package_discovery:discover_packages(ignore) discover
[0.152s] Level 1:colcon.colcon_core.package_discovery:discover_packages(ignore) using defaults
[0.152s] Level 1:colcon.colcon_core.package_discovery:discover_packages(path) discover
[0.152s] Level 1:colcon.colcon_core.package_discovery:discover_packages(path) using defaults
[0.161s] Level 1:colcon.colcon_core.package_discovery:discover_packages(prefix_path) check parameters
[0.161s] Level 1:colcon.colcon_core.package_discovery:discover_packages(prefix_path) discover
[0.163s] DEBUG:colcon.colcon_installed_package_information.package_discovery:Found 439 installed packages in /opt/ros/jazzy
[0.164s] Level 1:colcon.colcon_core.package_discovery:discover_packages(prefix_path) using defaults
[0.185s] Level 5:colcon.colcon_core.verb:set package 'turtlebot4_python_tutorials' build argument 'cmake_args' from command line to 'None'
[0.185s] Level 5:colcon.colcon_core.verb:set package 'turtlebot4_python_tutorials' build argument 'cmake_target' from command line to 'None'
[0.185s] Level 5:colcon.colcon_core.verb:set package 'turtlebot4_python_tutorials' build argument 'cmake_target_skip_unavailable' from command line to 'False'
[0.185s] Level 5:colcon.colcon_core.verb:set package 'turtlebot4_python_tutorials' build argument 'cmake_clean_cache' from command line to 'False'
[0.185s] Level 5:colcon.colcon_core.verb:set package 'turtlebot4_python_tutorials' build argument 'cmake_clean_first' from command line to 'False'
[0.186s] Level 5:colcon.colcon_core.verb:set package 'turtlebot4_python_tutorials' build argument 'cmake_force_configure' from command line to 'False'
[0.186s] Level 5:colcon.colcon_core.verb:set package 'turtlebot4_python_tutorials' build argument 'ament_cmake_args' from command line to 'None'
[0.186s] Level 5:colcon.colcon_core.verb:set package 'turtlebot4_python_tutorials' build argument 'catkin_cmake_args' from command line to 'None'
[0.186s] Level 5:colcon.colcon_core.verb:set package 'turtlebot4_python_tutorials' build argument 'catkin_skip_building_tests' from command line to 'False'
[0.186s] DEBUG:colcon.colcon_core.verb:Building package 'turtlebot4_python_tutorials' with the following arguments: {'ament_cmake_args': None, 'build_base': '/home/cuttlebot/Desktop/turtlebot4_python_tutorials/build/turtlebot4_python_tutorials', 'catkin_cmake_args': None, 'catkin_skip_building_tests': False, 'cmake_args': None, 'cmake_clean_cache': False, 'cmake_clean_first': False, 'cmake_force_configure': False, 'cmake_target': None, 'cmake_target_skip_unavailable': False, 'install_base': '/home/cuttlebot/Desktop/turtlebot4_python_tutorials/install/turtlebot4_python_tutorials', 'merge_install': False, 'path': '/home/cuttlebot/Desktop/turtlebot4_python_tutorials', 'symlink_install': False, 'test_result_base': None}
[0.186s] INFO:colcon.colcon_core.executor:Executing jobs using 'parallel' executor
[0.186s] DEBUG:colcon.colcon_parallel_executor.executor.parallel:run_until_complete
[0.186s] INFO:colcon.colcon_ros.task.ament_python.build:Building ROS package in '/home/cuttlebot/Desktop/turtlebot4_python_tutorials' with build type 'ament_python'
[0.186s] Level 1:colcon.colcon_core.shell:create_environment_hook('turtlebot4_python_tutorials', 'ament_prefix_path')
[0.188s] INFO:colcon.colcon_core.plugin_system:Skipping extension 'colcon_core.shell.bat': Not used on non-Windows systems
[0.188s] INFO:colcon.colcon_core.shell:Creating environment hook '/home/cuttlebot/Desktop/turtlebot4_python_tutorials/install/turtlebot4_python_tutorials/share/turtlebot4_python_tutorials/hook/ament_prefix_path.ps1'
[0.188s] INFO:colcon.colcon_core.shell:Creating environment descriptor '/home/cuttlebot/Desktop/turtlebot4_python_tutorials/install/turtlebot4_python_tutorials/share/turtlebot4_python_tutorials/hook/ament_prefix_path.dsv'
[0.188s] INFO:colcon.colcon_core.shell:Creating environment hook '/home/cuttlebot/Desktop/turtlebot4_python_tutorials/install/turtlebot4_python_tutorials/share/turtlebot4_python_tutorials/hook/ament_prefix_path.sh'
[0.189s] INFO:colcon.colcon_core.shell:Skip shell extension 'powershell' for command environment: Not usable outside of PowerShell
[0.189s] DEBUG:colcon.colcon_core.shell:Skip shell extension 'dsv' for command environment
[0.296s] INFO:colcon.colcon_core.task.python.build:Building Python package in '/home/cuttlebot/Desktop/turtlebot4_python_tutorials'
[0.296s] INFO:colcon.colcon_core.shell:Skip shell extension 'powershell' for command environment: Not usable outside of PowerShell
[0.296s] DEBUG:colcon.colcon_core.shell:Skip shell extension 'dsv' for command environment
[0.593s] DEBUG:colcon.colcon_core.event_handler.log_command:Invoking command in '/home/cuttlebot/Desktop/turtlebot4_python_tutorials': DEBUGINFOD_URLS=https://debuginfod.ubuntu.com PYTHONPATH=/home/cuttlebot/Desktop/turtlebot4_python_tutorials/build/turtlebot4_python_tutorials/prefix_override:/usr/lib/python3/dist-packages/colcon_core/task/python/colcon_distutils_commands:/home/cuttlebot/Desktop/turtlebot4_python_tutorials/install/turtlebot4_python_tutorials/lib/python3.12/site-packages:${PYTHONPATH} /usr/bin/python3 -W ignore:setup.py install is deprecated -W ignore:easy_install command is deprecated setup.py egg_info --egg-base build/turtlebot4_python_tutorials build --build-base /home/cuttlebot/Desktop/turtlebot4_python_tutorials/build/turtlebot4_python_tutorials/build install --record /home/cuttlebot/Desktop/turtlebot4_python_tutorials/build/turtlebot4_python_tutorials/install.log --single-version-externally-managed install_data
[0.828s] DEBUG:colcon.colcon_core.event_handler.log_command:Invoked command in '/home/cuttlebot/Desktop/turtlebot4_python_tutorials' returned '0': DEBUGINFOD_URLS=https://debuginfod.ubuntu.com PYTHONPATH=/home/cuttlebot/Desktop/turtlebot4_python_tutorials/build/turtlebot4_python_tutorials/prefix_override:/usr/lib/python3/dist-packages/colcon_core/task/python/colcon_distutils_commands:/home/cuttlebot/Desktop/turtlebot4_python_tutorials/install/turtlebot4_python_tutorials/lib/python3.12/site-packages:${PYTHONPATH} /usr/bin/python3 -W ignore:setup.py install is deprecated -W ignore:easy_install command is deprecated setup.py egg_info --egg-base build/turtlebot4_python_tutorials build --build-base /home/cuttlebot/Desktop/turtlebot4_python_tutorials/build/turtlebot4_python_tutorials/build install --record /home/cuttlebot/Desktop/turtlebot4_python_tutorials/build/turtlebot4_python_tutorials/install.log --single-version-externally-managed install_data
[0.830s] Level 1:colcon.colcon_core.environment:checking '/home/cuttlebot/Desktop/turtlebot4_python_tutorials/install/turtlebot4_python_tutorials' for CMake module files
[0.830s] Level 1:colcon.colcon_core.environment:checking '/home/cuttlebot/Desktop/turtlebot4_python_tutorials/install/turtlebot4_python_tutorials' for CMake config files
[0.830s] Level 1:colcon.colcon_core.environment:checking '/home/cuttlebot/Desktop/turtlebot4_python_tutorials/install/turtlebot4_python_tutorials/lib'
[0.831s] Level 1:colcon.colcon_core.environment:checking '/home/cuttlebot/Desktop/turtlebot4_python_tutorials/install/turtlebot4_python_tutorials/bin'
[0.831s] Level 1:colcon.colcon_core.environment:checking '/home/cuttlebot/Desktop/turtlebot4_python_tutorials/install/turtlebot4_python_tutorials/lib/pkgconfig/turtlebot4_python_tutorials.pc'
[0.831s] Level 1:colcon.colcon_core.environment:checking '/home/cuttlebot/Desktop/turtlebot4_python_tutorials/install/turtlebot4_python_tutorials/lib/python3.12/site-packages'
[0.831s] Level 1:colcon.colcon_core.shell:create_environment_hook('turtlebot4_python_tutorials', 'pythonpath')
[0.831s] INFO:colcon.colcon_core.shell:Creating environment hook '/home/cuttlebot/Desktop/turtlebot4_python_tutorials/install/turtlebot4_python_tutorials/share/turtlebot4_python_tutorials/hook/pythonpath.ps1'
[0.831s] INFO:colcon.colcon_core.shell:Creating environment descriptor '/home/cuttlebot/Desktop/turtlebot4_python_tutorials/install/turtlebot4_python_tutorials/share/turtlebot4_python_tutorials/hook/pythonpath.dsv'
[0.831s] INFO:colcon.colcon_core.shell:Creating environment hook '/home/cuttlebot/Desktop/turtlebot4_python_tutorials/install/turtlebot4_python_tutorials/share/turtlebot4_python_tutorials/hook/pythonpath.sh'
[0.832s] Level 1:colcon.colcon_core.environment:checking '/home/cuttlebot/Desktop/turtlebot4_python_tutorials/install/turtlebot4_python_tutorials/bin'
[0.832s] Level 1:colcon.colcon_core.environment:create_environment_scripts_only(turtlebot4_python_tutorials)
[0.832s] INFO:colcon.colcon_core.shell:Creating package script '/home/cuttlebot/Desktop/turtlebot4_python_tutorials/install/turtlebot4_python_tutorials/share/turtlebot4_python_tutorials/package.ps1'
[0.833s] INFO:colcon.colcon_core.shell:Creating package descriptor '/home/cuttlebot/Desktop/turtlebot4_python_tutorials/install/turtlebot4_python_tutorials/share/turtlebot4_python_tutorials/package.dsv'
[0.833s] INFO:colcon.colcon_core.shell:Creating package script '/home/cuttlebot/Desktop/turtlebot4_python_tutorials/install/turtlebot4_python_tutorials/share/turtlebot4_python_tutorials/package.sh'
[0.833s] INFO:colcon.colcon_core.shell:Creating package script '/home/cuttlebot/Desktop/turtlebot4_python_tutorials/install/turtlebot4_python_tutorials/share/turtlebot4_python_tutorials/package.bash'
[0.834s] INFO:colcon.colcon_core.shell:Creating package script '/home/cuttlebot/Desktop/turtlebot4_python_tutorials/install/turtlebot4_python_tutorials/share/turtlebot4_python_tutorials/package.zsh'
[0.835s] Level 1:colcon.colcon_core.environment:create_file_with_runtime_dependencies(/home/cuttlebot/Desktop/turtlebot4_python_tutorials/install/turtlebot4_python_tutorials/share/colcon-core/packages/turtlebot4_python_tutorials)
[0.835s] DEBUG:colcon.colcon_parallel_executor.executor.parallel:closing loop
[0.835s] DEBUG:colcon.colcon_parallel_executor.executor.parallel:loop closed
[0.835s] DEBUG:colcon.colcon_parallel_executor.executor.parallel:run_until_complete finished with '0'
[0.835s] DEBUG:colcon.colcon_core.event_reactor:joining thread
[0.839s] INFO:colcon.colcon_core.plugin_system:Skipping extension 'colcon_notification.desktop_notification.terminal_notifier': Not used on non-Darwin systems
[0.839s] INFO:colcon.colcon_core.plugin_system:Skipping extension 'colcon_notification.desktop_notification.win32': Not used on non-Windows systems
[0.839s] INFO:colcon.colcon_notification.desktop_notification:Sending desktop notification using 'notify2'
[0.848s] DEBUG:colcon.colcon_core.event_reactor:joined thread
[0.849s] INFO:colcon.colcon_core.shell:Creating prefix script '/home/cuttlebot/Desktop/turtlebot4_python_tutorials/install/local_setup.ps1'
[0.849s] INFO:colcon.colcon_core.shell:Creating prefix util module '/home/cuttlebot/Desktop/turtlebot4_python_tutorials/install/_local_setup_util_ps1.py'
[0.850s] INFO:colcon.colcon_core.shell:Creating prefix chain script '/home/cuttlebot/Desktop/turtlebot4_python_tutorials/install/setup.ps1'
[0.850s] INFO:colcon.colcon_core.shell:Creating prefix script '/home/cuttlebot/Desktop/turtlebot4_python_tutorials/install/local_setup.sh'
[0.851s] INFO:colcon.colcon_core.shell:Creating prefix util module '/home/cuttlebot/Desktop/turtlebot4_python_tutorials/install/_local_setup_util_sh.py'
[0.851s] INFO:colcon.colcon_core.shell:Creating prefix chain script '/home/cuttlebot/Desktop/turtlebot4_python_tutorials/install/setup.sh'
[0.851s] INFO:colcon.colcon_core.shell:Creating prefix script '/home/cuttlebot/Desktop/turtlebot4_python_tutorials/install/local_setup.bash'
[0.852s] INFO:colcon.colcon_core.shell:Creating prefix chain script '/home/cuttlebot/Desktop/turtlebot4_python_tutorials/install/setup.bash'
[0.852s] INFO:colcon.colcon_core.shell:Creating prefix script '/home/cuttlebot/Desktop/turtlebot4_python_tutorials/install/local_setup.zsh'
[0.852s] INFO:colcon.colcon_core.shell:Creating prefix chain script '/home/cuttlebot/Desktop/turtlebot4_python_tutorials/install/setup.zsh'
