[0.373s] Invoking command in '/home/cuttlebot/Desktop/turtlebot4_python_tutorials': DEBUGINFOD_URLS=https://debuginfod.ubuntu.com PYTHONPATH=/home/cuttlebot/Desktop/turtlebot4_python_tutorials/build/turtlebot4_python_tutorials/prefix_override:/usr/lib/python3/dist-packages/colcon_core/task/python/colcon_distutils_commands:/home/cuttlebot/Desktop/turtlebot4_python_tutorials/install/turtlebot4_python_tutorials/lib/python3.12/site-packages:${PYTHONPATH} /usr/bin/python3 -W ignore:setup.py install is deprecated -W ignore:easy_install command is deprecated setup.py egg_info --egg-base build/turtlebot4_python_tutorials build --build-base /home/cuttlebot/Desktop/turtlebot4_python_tutorials/build/turtlebot4_python_tutorials/build install --record /home/cuttlebot/Desktop/turtlebot4_python_tutorials/build/turtlebot4_python_tutorials/install.log --single-version-externally-managed install_data
[0.499s] running egg_info
[0.506s] writing build/turtlebot4_python_tutorials/turtlebot4_python_tutorials.egg-info/PKG-INFO
[0.506s] writing dependency_links to build/turtlebot4_python_tutorials/turtlebot4_python_tutorials.egg-info/dependency_links.txt
[0.507s] writing entry points to build/turtlebot4_python_tutorials/turtlebot4_python_tutorials.egg-info/entry_points.txt
[0.507s] writing requirements to build/turtlebot4_python_tutorials/turtlebot4_python_tutorials.egg-info/requires.txt
[0.507s] writing top-level names to build/turtlebot4_python_tutorials/turtlebot4_python_tutorials.egg-info/top_level.txt
[0.523s] reading manifest file 'build/turtlebot4_python_tutorials/turtlebot4_python_tutorials.egg-info/SOURCES.txt'
[0.524s] writing manifest file 'build/turtlebot4_python_tutorials/turtlebot4_python_tutorials.egg-info/SOURCES.txt'
[0.524s] running build
[0.524s] running build_py
[0.524s] running install
[0.526s] running install_lib
[0.535s] running install_data
[0.535s] running install_egg_info
[0.544s] removing '/home/cuttlebot/Desktop/turtlebot4_python_tutorials/install/turtlebot4_python_tutorials/lib/python3.12/site-packages/turtlebot4_python_tutorials-0.0.0-py3.12.egg-info' (and everything under it)
[0.544s] Copying build/turtlebot4_python_tutorials/turtlebot4_python_tutorials.egg-info to /home/cuttlebot/Desktop/turtlebot4_python_tutorials/install/turtlebot4_python_tutorials/lib/python3.12/site-packages/turtlebot4_python_tutorials-0.0.0-py3.12.egg-info
[0.544s] running install_scripts
[0.600s] Installing turtlebot4_first_python_node script to /home/cuttlebot/Desktop/turtlebot4_python_tutorials/install/turtlebot4_python_tutorials/lib/turtlebot4_python_tutorials
[0.600s] writing list of installed files to '/home/cuttlebot/Desktop/turtlebot4_python_tutorials/build/turtlebot4_python_tutorials/install.log'
[0.613s] Invoked command in '/home/cuttlebot/Desktop/turtlebot4_python_tutorials' returned '0': DEBUGINFOD_URLS=https://debuginfod.ubuntu.com PYTHONPATH=/home/cuttlebot/Desktop/turtlebot4_python_tutorials/build/turtlebot4_python_tutorials/prefix_override:/usr/lib/python3/dist-packages/colcon_core/task/python/colcon_distutils_commands:/home/cuttlebot/Desktop/turtlebot4_python_tutorials/install/turtlebot4_python_tutorials/lib/python3.12/site-packages:${PYTHONPATH} /usr/bin/python3 -W ignore:setup.py install is deprecated -W ignore:easy_install command is deprecated setup.py egg_info --egg-base build/turtlebot4_python_tutorials build --build-base /home/cuttlebot/Desktop/turtlebot4_python_tutorials/build/turtlebot4_python_tutorials/build install --record /home/cuttlebot/Desktop/turtlebot4_python_tutorials/build/turtlebot4_python_tutorials/install.log --single-version-externally-managed install_data
